// Jest Snapshot v1, https://goo.gl/fbAQLP

exports[`Loader displays only the loader 1`] = `
<div>
  <div
    class="loader"
  />
</div>
`;
