// Jest Snapshot v1, https://goo.gl/fbAQLP

exports[`SearchInput displays only the loader 1`] = `
<div>
  <h3
    class="title"
  >
    Please search for a Github User:
  </h3>
  <input
    class="input"
    data-testid="search-input"
    type="text"
    value="test"
  />
</div>
`;
